bad_cwd: 1 test
──────────────────────── failures ────────────────────────
  FAIL  Inline_bad_cwd › stale payload
    test/cli/inline_runner/bad_cwd/inline_bad_cwd.ml:7
    expect: mismatch
    @@ -1,1 +1,1 @@
    - stale payload
    + fresh output
    correction refused (line 7): the source file cannot be read: <reason>
──────────────────────────────────────────────────────────

1 failed in <duration>.
--- stderr ---
--- probe ---
.corrected in scratch cwd: no
