cross_partition: 1 test
F
──────────────────── failures (1) ────────────────────
  FAIL  Stale › a stale payload
    test/ppx/cross_partition/stale.ml:7
      7 │   [%expect {| stale payload |}]

    expected  stale payload
    actual    fresh output
    ── captured output (1 line) ──
    fresh output
    full log: <log>
──────────────────────────────────────────────────────

1 failed in <duration>s.
windtrap: wrote stale.ml.corrected
windtrap: dune registers a correction for promotion only when every inline-test process of the library exits cleanly, so a failure in any of its files withholds this one too. Fix the failures, rerun, then 'dune promote' — or rerun with WINDTRAP_UPDATE=1 to accept corrections into the source tree directly.
