release_failure: 1 test
.
releasing fixture (test/ppx/release_failure/inline_release_failure.ml:12)
──────────────────── failures (1) ────────────────────
  FAIL  fixture release
    [release] test/ppx/release_failure/inline_release_failure.ml:12
      12 │   Windtrap.fixture ~teardown:(fun () -> failwith "release-boom") (fun () -> ())

    fixture (test/ppx/release_failure/inline_release_failure.ml:12): release raised Failure("release-boom")
──────────────────────────────────────────────────────

1 passed, 1 failed in <duration>s.
