[@@@ocaml.text "/*"]
module Windtrap_cov_________fixture_scope___ml =
  struct
    let ___windtrap_visit___ =
      let counts = Array.make 6 0 in
      Windtrap_runtime.Coverage.register ~file:"./fixture_scope.ml"
        ~points:[|{
                    Windtrap_runtime.Coverage.start_ofs = 679;
                    Windtrap_runtime.Coverage.end_ofs = 684
                  };{
                      Windtrap_runtime.Coverage.start_ofs = 703;
                      Windtrap_runtime.Coverage.end_ofs = 723
                    };{
                        Windtrap_runtime.Coverage.start_ofs = 742;
                        Windtrap_runtime.Coverage.end_ofs = 767
                      };{
                          Windtrap_runtime.Coverage.start_ofs = 793;
                          Windtrap_runtime.Coverage.end_ofs = 814
                        };{
                            Windtrap_runtime.Coverage.start_ofs = 834;
                            Windtrap_runtime.Coverage.end_ofs = 841
                          };{
                              Windtrap_runtime.Coverage.start_ofs = 857;
                              Windtrap_runtime.Coverage.end_ofs = 869
                            }|] ~counts;
      (fun index -> Windtrap_runtime.Coverage.visit counts index)
  end
open Windtrap_cov_________fixture_scope___ml
[@@@ocaml.text "/*"]
let top_level = 1
let greeting = "hello"
let add a b = ___windtrap_visit___ 0; a + b
let negate b = ___windtrap_visit___ 1; (let r = not b in r)
let vanish x = ___windtrap_visit___ 2; (let () = ignore x in ())
let labeled_only ~f = ___windtrap_visit___ 3; (let r = f ~x:1 in r)
let tail_call x = ___windtrap_visit___ 4; add x 1
let never () = ___windtrap_visit___ 5; assert false
