[@@@ocaml.text "/*"]
module Windtrap_cov_________fixture_cond___ml =
  struct
    let ___windtrap_visit___ =
      let counts = Array.make 39 0 in
      Windtrap_runtime.Coverage.register ~file:"./fixture_cond.ml"
        ~points:[|{
                    Windtrap_runtime.Coverage.start_ofs = 398;
                    Windtrap_runtime.Coverage.end_ofs = 399
                  };{
                      Windtrap_runtime.Coverage.start_ofs = 393;
                      Windtrap_runtime.Coverage.end_ofs = 399
                    };{
                        Windtrap_runtime.Coverage.start_ofs = 417;
                        Windtrap_runtime.Coverage.end_ofs = 418
                      };{
                          Windtrap_runtime.Coverage.start_ofs = 422;
                          Windtrap_runtime.Coverage.end_ofs = 423
                        };{
                            Windtrap_runtime.Coverage.start_ofs = 442;
                            Windtrap_runtime.Coverage.end_ofs = 443
                          };{
                              Windtrap_runtime.Coverage.start_ofs = 447;
                              Windtrap_runtime.Coverage.end_ofs = 448
                            };{
                                Windtrap_runtime.Coverage.start_ofs = 452;
                                Windtrap_runtime.Coverage.end_ofs = 453
                              };{
                                  Windtrap_runtime.Coverage.start_ofs = 509;
                                  Windtrap_runtime.Coverage.end_ofs = 512
                                };{
                                    Windtrap_runtime.Coverage.start_ofs = 509;
                                    Windtrap_runtime.Coverage.end_ofs = 512
                                  };{
                                      Windtrap_runtime.Coverage.start_ofs =
                                        482;
                                      Windtrap_runtime.Coverage.end_ofs = 493
                                    };{
                                        Windtrap_runtime.Coverage.start_ofs =
                                          1503;
                                        Windtrap_runtime.Coverage.end_ofs =
                                          1508
                                      };{
                                          Windtrap_runtime.Coverage.start_ofs
                                            = 1503;
                                          Windtrap_runtime.Coverage.end_ofs =
                                            1549
                                        };{
                                            Windtrap_runtime.Coverage.start_ofs
                                              = 1572;
                                            Windtrap_runtime.Coverage.end_ofs
                                              = 1577
                                          };{
                                              Windtrap_runtime.Coverage.start_ofs
                                                = 1594;
                                              Windtrap_runtime.Coverage.end_ofs
                                                = 1615
                                            };{
                                                Windtrap_runtime.Coverage.start_ofs
                                                  = 1572;
                                                Windtrap_runtime.Coverage.end_ofs
                                                  = 1615
                                              };{
                                                  Windtrap_runtime.Coverage.start_ofs
                                                    = 1634;
                                                  Windtrap_runtime.Coverage.end_ofs
                                                    = 1639
                                                };{
                                                    Windtrap_runtime.Coverage.start_ofs
                                                      = 1676;
                                                    Windtrap_runtime.Coverage.end_ofs
                                                      = 1681
                                                  };{
                                                      Windtrap_runtime.Coverage.start_ofs
                                                        = 1657;
                                                      Windtrap_runtime.Coverage.end_ofs
                                                        = 1670
                                                    };{
                                                        Windtrap_runtime.Coverage.start_ofs
                                                          = 1634;
                                                        Windtrap_runtime.Coverage.end_ofs
                                                          = 1681
                                                      };{
                                                          Windtrap_runtime.Coverage.start_ofs
                                                            = 1990;
                                                          Windtrap_runtime.Coverage.end_ofs
                                                            = 1995
                                                        };{
                                                            Windtrap_runtime.Coverage.start_ofs
                                                              = 2023;
                                                            Windtrap_runtime.Coverage.end_ofs
                                                              = 2050
                                                          };{
                                                              Windtrap_runtime.Coverage.start_ofs
                                                                = 2003;
                                                              Windtrap_runtime.Coverage.end_ofs
                                                                = 2017
                                                            };{
                                                                Windtrap_runtime.Coverage.start_ofs
                                                                  = 1990;
                                                                Windtrap_runtime.Coverage.end_ofs
                                                                  = 2050
                                                              };{
                                                                  Windtrap_runtime.Coverage.start_ofs
                                                                    = 2073;
                                                                  Windtrap_runtime.Coverage.end_ofs
                                                                    = 2078
                                                                };{
                                                                    Windtrap_runtime.Coverage.start_ofs
                                                                    = 2073;
                                                                    Windtrap_runtime.Coverage.end_ofs
                                                                    = 2115
                                                                  };{
                                                                    Windtrap_runtime.Coverage.start_ofs
                                                                    = 2139;
                                                                    Windtrap_runtime.Coverage.end_ofs
                                                                    = 2144
                                                                    };
                  {
                    Windtrap_runtime.Coverage.start_ofs = 2139;
                    Windtrap_runtime.Coverage.end_ofs = 2188
                  };{
                      Windtrap_runtime.Coverage.start_ofs = 2217;
                      Windtrap_runtime.Coverage.end_ofs = 2222
                    };{
                        Windtrap_runtime.Coverage.start_ofs = 2217;
                        Windtrap_runtime.Coverage.end_ofs = 2277
                      };{
                          Windtrap_runtime.Coverage.start_ofs = 2309;
                          Windtrap_runtime.Coverage.end_ofs = 2314
                        };{
                            Windtrap_runtime.Coverage.start_ofs = 2309;
                            Windtrap_runtime.Coverage.end_ofs = 2366
                          };{
                              Windtrap_runtime.Coverage.start_ofs = 2387;
                              Windtrap_runtime.Coverage.end_ofs = 2390
                            };{
                                Windtrap_runtime.Coverage.start_ofs = 2415;
                                Windtrap_runtime.Coverage.end_ofs = 2420
                              };{
                                  Windtrap_runtime.Coverage.start_ofs = 2448;
                                  Windtrap_runtime.Coverage.end_ofs = 2458
                                };{
                                    Windtrap_runtime.Coverage.start_ofs =
                                      2415;
                                    Windtrap_runtime.Coverage.end_ofs = 2458
                                  };{
                                      Windtrap_runtime.Coverage.start_ofs =
                                        2486;
                                      Windtrap_runtime.Coverage.end_ofs =
                                        2491
                                    };{
                                        Windtrap_runtime.Coverage.start_ofs =
                                          2486;
                                        Windtrap_runtime.Coverage.end_ofs =
                                          2525
                                      };{
                                          Windtrap_runtime.Coverage.start_ofs
                                            = 2548;
                                          Windtrap_runtime.Coverage.end_ofs =
                                            2553
                                        };{
                                            Windtrap_runtime.Coverage.start_ofs
                                              = 2548;
                                            Windtrap_runtime.Coverage.end_ofs
                                              = 2584
                                          }|] ~counts;
      (fun index -> Windtrap_runtime.Coverage.visit counts index)
    let ___windtrap_post_visit___ point_index result =
      ___windtrap_visit___ point_index; result
  end
open Windtrap_cov_________fixture_cond___ml
[@@@ocaml.text "/*"]
let both x y = ___windtrap_visit___ 1; x && ((___windtrap_visit___ 0; y))
let either x y =
  ___windtrap_visit___ 2;
  if x
  then (___windtrap_visit___ 2; true)
  else if y then (___windtrap_visit___ 3; true) else false
let chain a b c =
  ___windtrap_visit___ 4;
  if a
  then (___windtrap_visit___ 4; true)
  else
    if b
    then (___windtrap_visit___ 5; true)
    else if c then (___windtrap_visit___ 6; true) else false
let rec search p =
  function
  | [] -> (___windtrap_visit___ 9; false)
  | x::rest ->
      (___windtrap_visit___ 8;
       if ___windtrap_post_visit___ 8 (p x)
       then (___windtrap_visit___ 7; true)
       else search p rest)
let rec or_let n =
  ___windtrap_visit___ 11;
  if n = 0
  then (___windtrap_visit___ 10; true)
  else (let next = n - 1 in or_let next)
let rec or_match n =
  ___windtrap_visit___ 14;
  if n = 0
  then (___windtrap_visit___ 12; true)
  else (match n with | k -> (___windtrap_visit___ 13; or_match (k - 1)))
let rec or_if n =
  ___windtrap_visit___ 18;
  if n = 0
  then (___windtrap_visit___ 15; true)
  else
    if n > 0
    then (___windtrap_visit___ 17; or_if (n - 1))
    else (___windtrap_visit___ 16; false)
let rec or_try n =
  ___windtrap_visit___ 22;
  if n = 0
  then (___windtrap_visit___ 19; true)
  else
    (try ___windtrap_post_visit___ 21 (or_try (n - 1))
     with | Not_found -> (___windtrap_visit___ 20; or_try (n - 2)))
let rec or_seq n =
  ___windtrap_visit___ 24;
  if n = 0
  then (___windtrap_visit___ 23; true)
  else (ignore n; or_seq (n - 1))
let rec or_open n =
  ___windtrap_visit___ 26;
  if n = 0
  then (___windtrap_visit___ 25; true)
  else (let open Stdlib in or_open (n - 1))
let rec or_letmodule n =
  ___windtrap_visit___ 28;
  if n = 0
  then (___windtrap_visit___ 27; true)
  else (let module M = Stdlib in or_letmodule (n - 1))
let rec or_letexception n =
  ___windtrap_visit___ 30;
  if n = 0
  then (___windtrap_visit___ 29; true)
  else (let exception E  in or_letexception (n - 1))
let ( let* ) x f = ___windtrap_visit___ 31; f x
let rec or_letop n =
  ___windtrap_visit___ 34;
  if n = 0
  then (___windtrap_visit___ 32; true)
  else (let* m = n - 1
         in ___windtrap_visit___ 33; or_letop m)
let rec or_constraint n =
  ___windtrap_visit___ 36;
  if n = 0
  then (___windtrap_visit___ 35; true)
  else (or_constraint (n - 1) : bool)
let rec or_coerce n =
  ___windtrap_visit___ 38;
  if n = 0
  then (___windtrap_visit___ 37; true)
  else (or_coerce (n - 1) :> bool)
