[@@@ocaml.text "/*"]
module Windtrap_cov_________fixture_or_tail_branch___ml =
  struct
    let ___windtrap_visit___ =
      let counts = Array.make 11 0 in
      Windtrap_runtime.Coverage.register ~file:"./fixture_or_tail_branch.ml"
        ~points:[|{
                    Windtrap_runtime.Coverage.start_ofs = 802;
                    Windtrap_runtime.Coverage.end_ofs = 807
                  };{
                      Windtrap_runtime.Coverage.start_ofs = 824;
                      Windtrap_runtime.Coverage.end_ofs = 845
                    };{
                        Windtrap_runtime.Coverage.start_ofs = 802;
                        Windtrap_runtime.Coverage.end_ofs = 845
                      };{
                          Windtrap_runtime.Coverage.start_ofs = 864;
                          Windtrap_runtime.Coverage.end_ofs = 869
                        };{
                            Windtrap_runtime.Coverage.start_ofs = 906;
                            Windtrap_runtime.Coverage.end_ofs = 911
                          };{
                              Windtrap_runtime.Coverage.start_ofs = 887;
                              Windtrap_runtime.Coverage.end_ofs = 900
                            };{
                                Windtrap_runtime.Coverage.start_ofs = 864;
                                Windtrap_runtime.Coverage.end_ofs = 911
                              };{
                                  Windtrap_runtime.Coverage.start_ofs = 1220;
                                  Windtrap_runtime.Coverage.end_ofs = 1225
                                };{
                                    Windtrap_runtime.Coverage.start_ofs =
                                      1253;
                                    Windtrap_runtime.Coverage.end_ofs = 1280
                                  };{
                                      Windtrap_runtime.Coverage.start_ofs =
                                        1233;
                                      Windtrap_runtime.Coverage.end_ofs =
                                        1247
                                    };{
                                        Windtrap_runtime.Coverage.start_ofs =
                                          1220;
                                        Windtrap_runtime.Coverage.end_ofs =
                                          1280
                                      }|] ~counts;
      (fun index -> Windtrap_runtime.Coverage.visit counts index)
    let ___windtrap_post_visit___ point_index result =
      ___windtrap_visit___ point_index; result
  end
open Windtrap_cov_________fixture_or_tail_branch___ml
[@@@ocaml.text "/*"]
let rec or_match n =
  ___windtrap_visit___ 2;
  if n = 0
  then (___windtrap_visit___ 0; true)
  else (match n with | k -> (___windtrap_visit___ 1; or_match (k - 1)))
let rec or_if n =
  ___windtrap_visit___ 6;
  if n = 0
  then (___windtrap_visit___ 3; true)
  else
    if n > 0
    then (___windtrap_visit___ 5; or_if (n - 1))
    else (___windtrap_visit___ 4; false)
let rec or_try n =
  ___windtrap_visit___ 10;
  if n = 0
  then (___windtrap_visit___ 7; true)
  else
    (try ___windtrap_post_visit___ 9 (or_try (n - 1))
     with | Not_found -> (___windtrap_visit___ 8; or_try (n - 2)))
