[@@@ocaml.text "/*"]
module Windtrap_cov_________fixture_or_tail_wrap___ml =
  struct
    let ___windtrap_visit___ =
      let counts = Array.make 6 0 in
      Windtrap_runtime.Coverage.register ~file:"./fixture_or_tail_wrap.ml"
        ~points:[|{
                    Windtrap_runtime.Coverage.start_ofs = 414;
                    Windtrap_runtime.Coverage.end_ofs = 419
                  };{
                      Windtrap_runtime.Coverage.start_ofs = 414;
                      Windtrap_runtime.Coverage.end_ofs = 456
                    };{
                        Windtrap_runtime.Coverage.start_ofs = 484;
                        Windtrap_runtime.Coverage.end_ofs = 489
                      };{
                          Windtrap_runtime.Coverage.start_ofs = 484;
                          Windtrap_runtime.Coverage.end_ofs = 523
                        };{
                            Windtrap_runtime.Coverage.start_ofs = 546;
                            Windtrap_runtime.Coverage.end_ofs = 551
                          };{
                              Windtrap_runtime.Coverage.start_ofs = 546;
                              Windtrap_runtime.Coverage.end_ofs = 582
                            }|] ~counts;
      (fun index -> Windtrap_runtime.Coverage.visit counts index)
  end
open Windtrap_cov_________fixture_or_tail_wrap___ml
[@@@ocaml.text "/*"]
let rec or_seq n =
  ___windtrap_visit___ 1;
  if n = 0
  then (___windtrap_visit___ 0; true)
  else (ignore n; or_seq (n - 1))
let rec or_constraint n =
  ___windtrap_visit___ 3;
  if n = 0
  then (___windtrap_visit___ 2; true)
  else (or_constraint (n - 1) : bool)
let rec or_coerce n =
  ___windtrap_visit___ 5;
  if n = 0
  then (___windtrap_visit___ 4; true)
  else (or_coerce (n - 1) :> bool)
