[@@@ocaml.text "/*"]
module Windtrap_cov_________fixture_keys___ml =
  struct
    let ___windtrap_visit___ =
      let counts = Array.make 19 0 in
      Windtrap_runtime.Coverage.register ~file:"./fixture_keys.ml"
        ~points:[|{
                    Windtrap_runtime.Coverage.start_ofs = 655;
                    Windtrap_runtime.Coverage.end_ofs = 658
                  };{
                      Windtrap_runtime.Coverage.start_ofs = 635;
                      Windtrap_runtime.Coverage.end_ofs = 671
                    };{
                        Windtrap_runtime.Coverage.start_ofs = 711;
                        Windtrap_runtime.Coverage.end_ofs = 714
                      };{
                          Windtrap_runtime.Coverage.start_ofs = 723;
                          Windtrap_runtime.Coverage.end_ofs = 726
                        };{
                            Windtrap_runtime.Coverage.start_ofs = 735;
                            Windtrap_runtime.Coverage.end_ofs = 740
                          };{
                              Windtrap_runtime.Coverage.start_ofs = 691;
                              Windtrap_runtime.Coverage.end_ofs = 741
                            };{
                                Windtrap_runtime.Coverage.start_ofs = 913;
                                Windtrap_runtime.Coverage.end_ofs = 917
                              };{
                                  Windtrap_runtime.Coverage.start_ofs = 925;
                                  Windtrap_runtime.Coverage.end_ofs = 931
                                };{
                                    Windtrap_runtime.Coverage.start_ofs = 907;
                                    Windtrap_runtime.Coverage.end_ofs = 938
                                  };{
                                      Windtrap_runtime.Coverage.start_ofs =
                                        1270;
                                      Windtrap_runtime.Coverage.end_ofs =
                                        1276
                                    };{
                                        Windtrap_runtime.Coverage.start_ofs =
                                          1280;
                                        Windtrap_runtime.Coverage.end_ofs =
                                          1281
                                      };{
                                          Windtrap_runtime.Coverage.start_ofs
                                            = 1270;
                                          Windtrap_runtime.Coverage.end_ofs =
                                            1281
                                        };{
                                            Windtrap_runtime.Coverage.start_ofs
                                              = 1304;
                                            Windtrap_runtime.Coverage.end_ofs
                                              = 1312
                                          };{
                                              Windtrap_runtime.Coverage.start_ofs
                                                = 1316;
                                              Windtrap_runtime.Coverage.end_ofs
                                                = 1317
                                            };{
                                                Windtrap_runtime.Coverage.start_ofs
                                                  = 1304;
                                                Windtrap_runtime.Coverage.end_ofs
                                                  = 1312
                                              };{
                                                  Windtrap_runtime.Coverage.start_ofs
                                                    = 1304;
                                                  Windtrap_runtime.Coverage.end_ofs
                                                    = 1317
                                                };{
                                                    Windtrap_runtime.Coverage.start_ofs
                                                      = 1547;
                                                    Windtrap_runtime.Coverage.end_ofs
                                                      = 1548
                                                  };{
                                                      Windtrap_runtime.Coverage.start_ofs
                                                        = 1552;
                                                      Windtrap_runtime.Coverage.end_ofs
                                                        = 1557
                                                    };{
                                                        Windtrap_runtime.Coverage.start_ofs
                                                          = 1539;
                                                        Windtrap_runtime.Coverage.end_ofs
                                                          = 1558
                                                      }|] ~counts;
      (fun index -> Windtrap_runtime.Coverage.visit counts index)
    let ___windtrap_post_visit___ point_index result =
      ___windtrap_visit___ point_index; result
  end
open Windtrap_cov_________fixture_keys___ml
[@@@ocaml.text "/*"]
let one f h =
  ___windtrap_visit___ 1;
  ignore
    (let a = ___windtrap_post_visit___ 0 (f 1) in
     ___windtrap_post_visit___ 0 (h a))
let two f g h =
  ___windtrap_visit___ 5;
  ignore
    (let a = ___windtrap_post_visit___ 2 (f 1)
     and b = ___windtrap_post_visit___ 3 (g 2) in
     ___windtrap_post_visit___ 4 (h a b))
let loop c f x =
  ___windtrap_visit___ 8;
  while ___windtrap_post_visit___ 6 (c ()) do
    (___windtrap_visit___ 7; ___windtrap_post_visit___ 7 (f @@ x)) done
let bare x f y =
  ___windtrap_visit___ 11;
  if ___windtrap_post_visit___ 9 (x |> f)
  then (___windtrap_visit___ 9; true)
  else if y then (___windtrap_visit___ 10; true) else false
let applied x f z y =
  ___windtrap_visit___ 15;
  if ___windtrap_post_visit___ 14 (x |> (f z))
  then (___windtrap_visit___ 12; true)
  else if y then (___windtrap_visit___ 13; true) else false
let sent a (o : < get: bool   > ) =
  ___windtrap_visit___ 18;
  ignore
    (if a
     then (___windtrap_visit___ 16; true)
     else
       if ___windtrap_post_visit___ 17 o#get
       then (___windtrap_visit___ 17; true)
       else false)
let extended = [%ext if true then succ 1 else 0]
let attributed = ((0)[@attr if true then succ 1 else 0])
[%%ext let x = if true then succ 1 else 0]
type t = int[@@attr if true then succ 1 else 0]
