[@@@ocaml.text "/*"]
module Windtrap_cov_________fixture_off_structure___ml =
  struct
    let ___windtrap_visit___ =
      let counts = Array.make 21 0 in
      Windtrap_runtime.Coverage.register ~file:"./fixture_off_structure.ml"
        ~points:[|{
                    Windtrap_runtime.Coverage.start_ofs = 627;
                    Windtrap_runtime.Coverage.end_ofs = 628
                  };{
                      Windtrap_runtime.Coverage.start_ofs = 620;
                      Windtrap_runtime.Coverage.end_ofs = 621
                    };{
                        Windtrap_runtime.Coverage.start_ofs = 610;
                        Windtrap_runtime.Coverage.end_ofs = 628
                      };{
                          Windtrap_runtime.Coverage.start_ofs = 678;
                          Windtrap_runtime.Coverage.end_ofs = 679
                        };{
                            Windtrap_runtime.Coverage.start_ofs = 671;
                            Windtrap_runtime.Coverage.end_ofs = 672
                          };{
                              Windtrap_runtime.Coverage.start_ofs = 661;
                              Windtrap_runtime.Coverage.end_ofs = 679
                            };{
                                Windtrap_runtime.Coverage.start_ofs = 704;
                                Windtrap_runtime.Coverage.end_ofs = 707
                              };{
                                  Windtrap_runtime.Coverage.start_ofs = 710;
                                  Windtrap_runtime.Coverage.end_ofs = 713
                                };{
                                    Windtrap_runtime.Coverage.start_ofs = 600;
                                    Windtrap_runtime.Coverage.end_ofs = 713
                                  };{
                                      Windtrap_runtime.Coverage.start_ofs =
                                        1110;
                                      Windtrap_runtime.Coverage.end_ofs =
                                        1111
                                    };{
                                        Windtrap_runtime.Coverage.start_ofs =
                                          1103;
                                        Windtrap_runtime.Coverage.end_ofs =
                                          1104
                                      };{
                                          Windtrap_runtime.Coverage.start_ofs
                                            = 1089;
                                          Windtrap_runtime.Coverage.end_ofs =
                                            1111
                                        };{
                                            Windtrap_runtime.Coverage.start_ofs
                                              = 1211;
                                            Windtrap_runtime.Coverage.end_ofs
                                              = 1212
                                          };{
                                              Windtrap_runtime.Coverage.start_ofs
                                                = 1204;
                                              Windtrap_runtime.Coverage.end_ofs
                                                = 1205
                                            };{
                                                Windtrap_runtime.Coverage.start_ofs
                                                  = 1190;
                                                Windtrap_runtime.Coverage.end_ofs
                                                  = 1212
                                              };{
                                                  Windtrap_runtime.Coverage.start_ofs
                                                    = 1405;
                                                  Windtrap_runtime.Coverage.end_ofs
                                                    = 1406
                                                };{
                                                    Windtrap_runtime.Coverage.start_ofs
                                                      = 1398;
                                                    Windtrap_runtime.Coverage.end_ofs
                                                      = 1399
                                                  };{
                                                      Windtrap_runtime.Coverage.start_ofs
                                                        = 1384;
                                                      Windtrap_runtime.Coverage.end_ofs
                                                        = 1406
                                                    };{
                                                        Windtrap_runtime.Coverage.start_ofs
                                                          = 1507;
                                                        Windtrap_runtime.Coverage.end_ofs
                                                          = 1508
                                                      };{
                                                          Windtrap_runtime.Coverage.start_ofs
                                                            = 1500;
                                                          Windtrap_runtime.Coverage.end_ofs
                                                            = 1501
                                                        };{
                                                            Windtrap_runtime.Coverage.start_ofs
                                                              = 1486;
                                                            Windtrap_runtime.Coverage.end_ofs
                                                              = 1508
                                                          }|] ~counts;
      (fun index -> Windtrap_runtime.Coverage.visit counts index)
    let ___windtrap_post_visit___ point_index result =
      ___windtrap_visit___ point_index; result
  end
open Windtrap_cov_________fixture_off_structure___ml
[@@@ocaml.text "/*"]
module rec Dark:sig val f : int -> int end =
  struct let f n = if n > 0 then 1 else 0 end[@@coverage off]

let local n =
  ___windtrap_visit___ 8;
  (let g x =
     ___windtrap_visit___ 2;
     if x then (___windtrap_visit___ 1; 1) else (___windtrap_visit___ 0; 0)
     [@@coverage off] in
   let h x =
     ___windtrap_visit___ 5;
     if x then (___windtrap_visit___ 4; 1) else (___windtrap_visit___ 3; 0)
     [@@coverage bogus] in
   (___windtrap_post_visit___ 6 (g n)) + (___windtrap_post_visit___ 7 (h n)))
type t = int[@@coverage bogus]
[@@@coverage off]
module Inherits =
  struct
    let dark n = if n > 0 then 1 else 0
    [@@@coverage on]
    let lit_inside n =
      ___windtrap_visit___ 11;
      if n > 0
      then (___windtrap_visit___ 10; 1)
      else (___windtrap_visit___ 9; 0)
  end
let still_dark n = if n > 0 then 1 else 0
[@@@coverage on]
let lit n =
  ___windtrap_visit___ 14;
  if n > 0
  then (___windtrap_visit___ 13; 1)
  else (___windtrap_visit___ 12; 0)
module Unclosed =
  struct
    let lit_before n =
      ___windtrap_visit___ 17;
      if n > 0
      then (___windtrap_visit___ 16; 1)
      else (___windtrap_visit___ 15; 0)
    [@@@coverage off]
    let dark n = if n > 0 then 1 else 0
  end
let after n =
  ___windtrap_visit___ 20;
  if n > 0
  then (___windtrap_visit___ 19; 1)
  else (___windtrap_visit___ 18; 0)
let excluded = ((fun x -> ((x)[@coverage on]))[@coverage off])
let excluded_binding x = ((x)[@coverage bogus])[@@coverage off]
[@@@coverage off]
let in_region x = ((x)[@coverage exclude_file])
[@@@coverage on]
