[@@@ocaml.text "/*"]
module Windtrap_cov_________fixture_pipeline___ml =
  struct
    let ___windtrap_visit___ =
      let counts = Array.make 5 0 in
      Windtrap_runtime.Coverage.register ~file:"./fixture_pipeline.ml"
        ~points:[|{
                    Windtrap_runtime.Coverage.start_ofs = 294;
                    Windtrap_runtime.Coverage.end_ofs = 299
                  };{
                      Windtrap_runtime.Coverage.start_ofs = 315;
                      Windtrap_runtime.Coverage.end_ofs = 326
                    };{
                        Windtrap_runtime.Coverage.start_ofs = 315;
                        Windtrap_runtime.Coverage.end_ofs = 336
                      };{
                          Windtrap_runtime.Coverage.start_ofs = 362;
                          Windtrap_runtime.Coverage.end_ofs = 373
                        };{
                            Windtrap_runtime.Coverage.start_ofs = 354;
                            Windtrap_runtime.Coverage.end_ofs = 384
                          }|] ~counts;
      (fun index -> Windtrap_runtime.Coverage.visit counts index)
    let ___windtrap_post_visit___ point_index result =
      ___windtrap_visit___ point_index; result
  end
open Windtrap_cov_________fixture_pipeline___ml
[@@@ocaml.text "/*"]
let double x = ___windtrap_visit___ 0; x * 2
let staged x =
  ___windtrap_visit___ 2;
  (___windtrap_post_visit___ 1 (x |> double)) |> double
let bound x =
  ___windtrap_visit___ 4;
  (let y = ___windtrap_post_visit___ 3 (x |> double) in y + 1)
