[@@@ocaml.text "/*"]
module Windtrap_cov_________fixture_input_name___ml =
  struct
    let ___windtrap_visit___ =
      let counts = Array.make 3 0 in
      Windtrap_runtime.Coverage.register ~file:"./fixture_input_name.ml"
        ~points:[|{
                    Windtrap_runtime.Coverage.start_ofs = 295;
                    Windtrap_runtime.Coverage.end_ofs = 296
                  };{
                      Windtrap_runtime.Coverage.start_ofs = 288;
                      Windtrap_runtime.Coverage.end_ofs = 289
                    };{
                        Windtrap_runtime.Coverage.start_ofs = 274;
                        Windtrap_runtime.Coverage.end_ofs = 296
                      }|] ~counts;
      (fun index -> Windtrap_runtime.Coverage.visit counts index)
  end
open Windtrap_cov_________fixture_input_name___ml
[@@@ocaml.text "/*"]
let sign n =
  ___windtrap_visit___ 2;
  if n > 0 then (___windtrap_visit___ 1; 1) else (___windtrap_visit___ 0; 0)
