<?xml version="1.0" encoding="UTF-8"?>
<testsuites name="windtrap" tests="3" failures="1" errors="0" skipped="1" time="1.234">
  <testsuite name="mylib" tests="3" failures="1" errors="0" skipped="1" time="1.234">
    <testcase name="math › addition" classname="mylib.math" time="0.000"/>
    <testcase name="users › sessions after login" classname="mylib.users" time="0.000">
      <failure message="expected [(&quot;alice&quot;, [1; 2; 3]); (&quot;bob&quot;, [4])], got [(&quot;alice&quot;, [1; 2; 3]); (&quot;bob&quot;…">    test/test_users.ml:31
    expected  [("alice", [1; 2; 3]); ("bob", [4])]
    actual    [("alice", [1; 2; 3]); ("bob", [4; 5]); ("carol", [])]
                                               ~~~~~~~~~~~~~~~~~~
</failure>
      <system-out>[12034 earlier bytes omitted]
[debug] session table resize 2 -&gt; 4
[debug] carol: ghost session from pool reuse

full log: _build/_tests/mylib/latest/users/sessions-after-login.output</system-out>
    </testcase>
    <testcase name="platform › windows paths" classname="mylib.platform" time="0.000">
      <skipped message="unix only"/>
    </testcase>
  </testsuite>
</testsuites>
