masked_failure: 1 test
F
──────────────────── failures (1) ────────────────────
  FAIL  Inline_masked_failure › an assertion failure beside a stale payload
    test/ppx/masked_failure/inline_masked_failure.ml:11
      11 │   Windtrap.subtest "the assertion" (fun () -> Windtrap.equal Windtrap.int 1 2);

    an assertion failure beside a stale payload › the assertion
    expected  1
    actual    2

    test/ppx/masked_failure/inline_masked_failure.ml:13
      13 │   [%expect {| stale payload |}]

    expected  stale payload
    actual    fresh output
    ── captured output (1 line) ──
    fresh output
    full log: <log>
──────────────────────────────────────────────────────

1 failed (1 subtest failure) in <duration>s.
windtrap: wrote inline_masked_failure.ml.corrected
windtrap: 1 correction written but NOT registered for promotion: a failure above is not an expect mismatch, and dune drops every correction in the library when any inline-test process fails. Fix that failure, rerun, then 'dune promote'.
