tail_loc: 1 test
──────────────────────── failures ────────────────────────
  FAIL  Inline_tail_loc › tail assertion
    test/cli/inline_runner/tail_loc/inline_tail_loc.ml:5
      5 │ let%test "tail assertion" =

    expected  1
    actual    2
──────────────────────────────────────────────────────────

1 failed in <duration>.
--- stderr ---
