cross_partition/stale.ml: 1 test
──────────────────────── failures ────────────────────────
  FAIL  Stale › a stale payload
    test/cli/inline_runner/cross_partition/stale.ml:7
      7 │ [%expect {| stale payload |}]

    expect: mismatch
    @@ -1,1 +1,1 @@
    - stale payload
    + fresh output
    captured output (1 line):
      fresh output
    full log: <log>
    accept: dune promote test/cli/inline_runner/cross_partition/stale.ml
──────────────────────────────────────────────────────────

corrections (1):
  wrote test/cli/inline_runner/cross_partition/stale.ml.corrected (1 expectation)

1 failed, 1 correction written in <duration>.
