[@@@ocaml.text "/*"]
module Windtrap_mut_________fixture_lost_con___ml =
  struct
    type site = Windtrap_runtime.Mutate.site =
      {
      line: int ;
      col: int ;
      rewrite: string ;
      before: string ;
      after: string ;
      dismissed: string option }
    type 'a operands = ('a * 'a)
    let ___windtrap_armed___ =
      Windtrap_runtime.Mutate.register ~file:"./fixture_lost_con.ml"
        ~sites:[|{
                   line = 14;
                   col = 18;
                   rewrite = "not";
                   before = "a && b";
                   after = "not (a && b)";
                   dismissed = None
                 };{
                     line = 15;
                     col = 20;
                     rewrite = "not";
                     before = "a || b";
                     after = "not (a || b)";
                     dismissed = None
                   };{
                       line = 16;
                       col = 24;
                       rewrite = "not";
                       before = "(a < b) && c";
                       after = "not ((a < b) && c)";
                       dismissed = None
                     };{
                         line = 17;
                         col = 43;
                         rewrite = "add";
                         before = "a - b";
                         after = "a + b";
                         dismissed = None
                       };{
                           line = 17;
                           col = 32;
                           rewrite = "sub";
                           before = "a + b";
                           after = "a - b";
                           dismissed = None
                         };{
                             line = 17;
                             col = 21;
                             rewrite = "le";
                             before = "a < b";
                             after = "a <= b";
                             dismissed = None
                           }|]
  end
[@@@ocaml.text "/*"]
external (&&) : bool -> bool -> bool = "%sequand"
let both a b =
  if
    let __windtrap_mut_0_p = a && b in
    (if Windtrap_mut_________fixture_lost_con___ml.___windtrap_armed___ 0
     then Stdlib.not __windtrap_mut_0_p
     else __windtrap_mut_0_p)
  then 1
  else 0
let either a b =
  if
    let __windtrap_mut_1_p = a || b in
    (if Windtrap_mut_________fixture_lost_con___ml.___windtrap_armed___ 1
     then Stdlib.not __windtrap_mut_1_p
     else __windtrap_mut_1_p)
  then 1
  else 0
let compared a b c =
  if
    let __windtrap_mut_2_p = (a < b) && c in
    (if Windtrap_mut_________fixture_lost_con___ml.___windtrap_armed___ 2
     then Stdlib.not __windtrap_mut_2_p
     else __windtrap_mut_2_p)
  then 1
  else 0
let ordered a b =
  if
    let (__windtrap_mut_5_l, __windtrap_mut_5_r) =
      ((a, b) : _ Windtrap_mut_________fixture_lost_con___ml.operands) in
    (if Windtrap_mut_________fixture_lost_con___ml.___windtrap_armed___ 5
     then Stdlib.not (__windtrap_mut_5_r < __windtrap_mut_5_l)
     else __windtrap_mut_5_l < __windtrap_mut_5_r)
  then
    let (__windtrap_mut_4_l, __windtrap_mut_4_r) = (a, b) in
    (if Windtrap_mut_________fixture_lost_con___ml.___windtrap_armed___ 4
     then __windtrap_mut_4_l - __windtrap_mut_4_r
     else __windtrap_mut_4_l + __windtrap_mut_4_r)
  else
    (let (__windtrap_mut_3_l, __windtrap_mut_3_r) = (a, b) in
     if Windtrap_mut_________fixture_lost_con___ml.___windtrap_armed___ 3
     then __windtrap_mut_3_l + __windtrap_mut_3_r
     else __windtrap_mut_3_l - __windtrap_mut_3_r)
