[@@@ocaml.text "/*"]
module Windtrap_mut_________fixture_texts___ml =
  struct
    type site = Windtrap_runtime.Mutate.site =
      {
      line: int ;
      col: int ;
      rewrite: string ;
      before: string ;
      after: string ;
      dismissed: string option }
    type 'a operands = ('a * 'a)
    let ___windtrap_armed___ =
      Windtrap_runtime.Mutate.register ~file:"./fixture_texts.ml"
        ~sites:[|{
                   line = 8;
                   col = 18;
                   rewrite = "neq";
                   before = "s = \"a b\"";
                   after = "s <> \"a b\"";
                   dismissed = None
                 };{
                     line = 12;
                     col = 15;
                     rewrite = "sub";
                     before = "a + b";
                     after = "a - b";
                     dismissed = None
                   };{
                       line = 13;
                       col = 22;
                       rewrite = "le";
                       before = "a < b";
                       after = "a <= b";
                       dismissed = None
                     }|]
  end
[@@@ocaml.text "/*"]
let spaced s =
  if
    let __windtrap_mut_0_p = s = "a   b" in
    (if Windtrap_mut_________fixture_texts___ml.___windtrap_armed___ 0
     then Stdlib.not __windtrap_mut_0_p
     else __windtrap_mut_0_p)
  then 1
  else 0
let kept a b =
  let (__windtrap_mut_1_l, __windtrap_mut_1_r) = (a, b) in
  if Windtrap_mut_________fixture_texts___ml.___windtrap_armed___ 1
  then __windtrap_mut_1_l - __windtrap_mut_1_r
  else ((__windtrap_mut_1_l + __windtrap_mut_1_r)[@kept ])
let kept_cmp a b =
  if
    let (__windtrap_mut_2_l, __windtrap_mut_2_r) =
      ((a, b) : _ Windtrap_mut_________fixture_texts___ml.operands) in
    (if Windtrap_mut_________fixture_texts___ml.___windtrap_armed___ 2
     then Stdlib.not (__windtrap_mut_2_r < __windtrap_mut_2_l)
     else ((__windtrap_mut_2_l < __windtrap_mut_2_r)[@kept ]))
  then 1
  else 0
