[@@@ocaml.text "/*"]
module Windtrap_mut_________fixture_off_structure___ml =
  struct
    type site = Windtrap_runtime.Mutate.site =
      {
      line: int ;
      col: int ;
      rewrite: string ;
      before: string ;
      after: string ;
      dismissed: string option }
    let ___windtrap_armed___ =
      Windtrap_runtime.Mutate.register ~file:"./fixture_off_structure.ml"
        ~sites:[|{
                   line = 18;
                   col = 12;
                   rewrite = "add";
                   before = "x - 1";
                   after = "x + 1";
                   dismissed = None
                 };{
                     line = 43;
                     col = 23;
                     rewrite = "sub";
                     before = "a + b";
                     after = "a - b";
                     dismissed = None
                   };{
                       line = 50;
                       col = 14;
                       rewrite = "sub";
                       before = "a + b";
                       after = "a - b";
                       dismissed = None
                     }|]
  end
[@@@ocaml.text "/*"]
module rec Dark:sig val f : int -> int end = struct let f n = n + 1 end
[@@mutate off]

let local n =
  let h x =
    let (__windtrap_mut_0_l, __windtrap_mut_0_r) = (x, 1) in
    if Windtrap_mut_________fixture_off_structure___ml.___windtrap_armed___ 0
    then __windtrap_mut_0_l + __windtrap_mut_0_r
    else __windtrap_mut_0_l - __windtrap_mut_0_r[@@mutate bogus] in
  h n
type t = int[@@mutate bogus]
let reasoned a b = a + b[@@mutate off "binding reason"]
[@@@mutate off "region reason"]
let in_region a b = a - b
[@@@mutate on]
[@@@mutate off]
module Inherits =
  struct
    let dark a b = a + b
    [@@@mutate on]
    let lit_inside a b =
      let (__windtrap_mut_1_l, __windtrap_mut_1_r) = (a, b) in
      if
        Windtrap_mut_________fixture_off_structure___ml.___windtrap_armed___
          1
      then __windtrap_mut_1_l - __windtrap_mut_1_r
      else __windtrap_mut_1_l + __windtrap_mut_1_r
  end
let still_dark a b = a + b
[@@@mutate on]
let lit a b =
  let (__windtrap_mut_2_l, __windtrap_mut_2_r) = (a, b) in
  if Windtrap_mut_________fixture_off_structure___ml.___windtrap_armed___ 2
  then __windtrap_mut_2_l - __windtrap_mut_2_r
  else __windtrap_mut_2_l + __windtrap_mut_2_r
