[@@@ocaml.text "/*"]
module Windtrap_mut_________fixture_con___ml =
  struct
    type site = Windtrap_runtime.Mutate.site =
      {
      line: int ;
      col: int ;
      rewrite: string ;
      before: string ;
      after: string ;
      dismissed: string option }
    let ___windtrap_armed___ =
      Windtrap_runtime.Mutate.register ~file:"./fixture_con.ml"
        ~sites:[|{
                   line = 8;
                   col = 15;
                   rewrite = "or";
                   before = "a && b";
                   after = "a || b";
                   dismissed = None
                 };{
                     line = 9;
                     col = 17;
                     rewrite = "and";
                     before = "a || b";
                     after = "a && b";
                     dismissed = None
                   };{
                       line = 10;
                       col = 22;
                       rewrite = "or";
                       before = "ready && x";
                       after = "ready || x";
                       dismissed = None
                     };{
                         line = 11;
                         col = 55;
                         rewrite = "and";
                         before = "(p x) || (search p rest)";
                         after = "(p x) && (search p rest)";
                         dismissed = None
                       }|]
  end
[@@@ocaml.text "/*"]
let both a b =
  let __windtrap_mut_0_p = a in
  if
    Stdlib.(<>) (__windtrap_mut_0_p : Stdlib.Bool.t)
      (Windtrap_mut_________fixture_con___ml.___windtrap_armed___ 0)
  then b
  else __windtrap_mut_0_p
let either a b =
  let __windtrap_mut_1_p = a in
  if
    Stdlib.(=) (__windtrap_mut_1_p : Stdlib.Bool.t)
      (Windtrap_mut_________fixture_con___ml.___windtrap_armed___ 1)
  then b
  else __windtrap_mut_1_p
let gate ready x =
  if
    let __windtrap_mut_2_p = ready in
    (if
       Stdlib.(<>) (__windtrap_mut_2_p : Stdlib.Bool.t)
         (Windtrap_mut_________fixture_con___ml.___windtrap_armed___ 2)
     then x
     else __windtrap_mut_2_p)
  then 1
  else 0
let rec search p =
  function
  | [] -> false
  | x::rest ->
      let __windtrap_mut_3_p = p x in
      if
        Stdlib.(=) (__windtrap_mut_3_p : Stdlib.Bool.t)
          (Windtrap_mut_________fixture_con___ml.___windtrap_armed___ 3)
      then search p rest
      else __windtrap_mut_3_p
