[@@@ocaml.text "/*"]
module Windtrap_mut_________fixture_contexts___ml =
  struct
    type site = Windtrap_runtime.Mutate.site =
      {
      line: int ;
      col: int ;
      rewrite: string ;
      before: string ;
      after: string ;
      dismissed: string option }
    type 'a operands = ('a * 'a)
    let ___windtrap_armed___ =
      Windtrap_runtime.Mutate.register ~file:"./fixture_contexts.ml"
        ~sites:[|{
                   line = 7;
                   col = 19;
                   rewrite = "and";
                   before = "(a < b) || c";
                   after = "(a < b) && c";
                   dismissed = None
                 };{
                     line = 7;
                     col = 19;
                     rewrite = "le";
                     before = "a < b";
                     after = "a <= b";
                     dismissed = None
                   };{
                       line = 14;
                       col = 4;
                       rewrite = "not";
                       before = "let x = a in x < b";
                       after = "not (let x = a in x < b)";
                       dismissed = None
                     };{
                         line = 19;
                         col = 32;
                         rewrite = "not";
                         before = "(a < b : bool)";
                         after = "not (a < b : bool)";
                         dismissed = None
                       };{
                           line = 20;
                           col = 25;
                           rewrite = "not";
                           before = "not (a < b)";
                           after = "not (not (a < b))";
                           dismissed = None
                         };{
                             line = 25;
                             col = 34;
                             rewrite = "and";
                             before = "c || d";
                             after = "c && d";
                             dismissed = None
                           };{
                               line = 25;
                               col = 25;
                               rewrite = "le";
                               before = "a < b";
                               after = "a <= b";
                               dismissed = None
                             };{
                                 line = 31;
                                 col = 27;
                                 rewrite = "not";
                                 before = "a & b";
                                 after = "not (a & b)";
                                 dismissed = None
                               };{
                                   line = 36;
                                   col = 33;
                                   rewrite = "not";
                                   before = "Float.(<) a b";
                                   after = "not (Float.(<) a b)";
                                   dismissed = None
                                 };{
                                     line = 42;
                                     col = 16;
                                     rewrite = "sub";
                                     before = "a + b";
                                     after = "a - b";
                                     dismissed = None
                                   }|]
  end
[@@@ocaml.text "/*"]
let either a b c =
  let __windtrap_mut_0_p =
    let (__windtrap_mut_1_l, __windtrap_mut_1_r) =
      ((a, b) : _ Windtrap_mut_________fixture_contexts___ml.operands) in
    if Windtrap_mut_________fixture_contexts___ml.___windtrap_armed___ 1
    then Stdlib.not (__windtrap_mut_1_r < __windtrap_mut_1_l)
    else __windtrap_mut_1_l < __windtrap_mut_1_r in
  if
    Stdlib.(=) (__windtrap_mut_0_p : Stdlib.Bool.t)
      (Windtrap_mut_________fixture_contexts___ml.___windtrap_armed___ 0)
  then c
  else __windtrap_mut_0_p
let through_let a b =
  if
    let __windtrap_mut_2_p = let x = a in x < b in
    (if Windtrap_mut_________fixture_contexts___ml.___windtrap_armed___ 2
     then Stdlib.not __windtrap_mut_2_p
     else __windtrap_mut_2_p)
  then 1
  else 0
let through_constraint a b =
  if
    let __windtrap_mut_3_p = (a < b : bool) in
    (if Windtrap_mut_________fixture_contexts___ml.___windtrap_armed___ 3
     then Stdlib.not __windtrap_mut_3_p
     else __windtrap_mut_3_p)
  then 1
  else 0
let through_not a b =
  if
    let __windtrap_mut_4_p = not (a < b) in
    (if Windtrap_mut_________fixture_contexts___ml.___windtrap_armed___ 4
     then Stdlib.not __windtrap_mut_4_p
     else __windtrap_mut_4_p)
  then 1
  else 0
let skipped a b c d =
  if
    (let (__windtrap_mut_6_l, __windtrap_mut_6_r) =
       ((a, b) : _ Windtrap_mut_________fixture_contexts___ml.operands) in
     if Windtrap_mut_________fixture_contexts___ml.___windtrap_armed___ 6
     then Stdlib.not (__windtrap_mut_6_r < __windtrap_mut_6_l)
     else __windtrap_mut_6_l < __windtrap_mut_6_r) &&
      (let __windtrap_mut_5_p = c in
       (if
          Stdlib.(=) (__windtrap_mut_5_p : Stdlib.Bool.t)
            (Windtrap_mut_________fixture_contexts___ml.___windtrap_armed___
               5)
        then d
        else __windtrap_mut_5_p))
  then 1
  else 0
let old_and a b = a & b
let old_or a b = a or b
let old_condition a b =
  if
    let __windtrap_mut_7_p = a & b in
    (if Windtrap_mut_________fixture_contexts___ml.___windtrap_armed___ 7
     then Stdlib.not __windtrap_mut_7_p
     else __windtrap_mut_7_p)
  then 1
  else 0
let qualified a b = Stdlib.(+) a b
let qualified_condition a b =
  if
    let __windtrap_mut_8_p = Float.(<) a b in
    (if Windtrap_mut_________fixture_contexts___ml.___windtrap_armed___ 8
     then Stdlib.not __windtrap_mut_8_p
     else __windtrap_mut_8_p)
  then 1
  else 0
let partial = (+) 1
let labelled a b = (+) ~a b
let total a b =
  let (__windtrap_mut_9_l, __windtrap_mut_9_r) = (a, b) in
  if Windtrap_mut_________fixture_contexts___ml.___windtrap_armed___ 9
  then __windtrap_mut_9_l - __windtrap_mut_9_r
  else __windtrap_mut_9_l + __windtrap_mut_9_r
