correction: 12 tests
──────────────────────── failures ────────────────────────
  FAIL  Sanitized › a correction writes the sanitized text
    test/ppx/expect/correction/sanitized.ml:14
      14 │ [%expect {| stale |}];

    expect: mismatch
    @@ -1,1 +1,1 @@
    - stale
    + pid NNNN
    accept: dune promote test/ppx/expect/correction/sanitized.ml

  FAIL  Trailing › output after the last node
    test/ppx/expect/correction/trailing.ml:10
      10 │ print_string "goodbye\n"

    expect: no baseline
    proposed (1 line):
      + goodbye
    accept: dune promote test/ppx/expect/correction/trailing.ml

  FAIL  Trailing › a body with no node
    test/ppx/expect/correction/trailing.ml:14
      14 │ print_endline "two"

    expect: no baseline
    proposed (2 lines):
      + one
      + two
    accept: dune promote test/ppx/expect/correction/trailing.ml

  FAIL  Trailing › Nested › a nested test's node is indented under its head
    test/ppx/expect/correction/trailing.ml:23
      23 │ print_string "inner"

    expect: no baseline
    proposed (1 line):
      + inner
    accept: dune promote test/ppx/expect/correction/trailing.ml

  FAIL  Trailing › a body that raises checks nothing after it
    test/ppx/expect/correction/trailing.ml:26
      26 │ let%expect_test "a body that raises checks nothing after it" =

    stop
    captured output (1 line):
      before
    full log: <log>

  FAIL  Unreached › a node behind a branch not taken
    test/ppx/expect/correction/unreached.ml:9
      9 │ if Sys.opaque_identity false then [%expect {| never |}]

    the body returned without reaching this node

  FAIL  Unreached › every node not reached is named
    test/ppx/expect/correction/unreached.ml:13
      13 │ [%expect {| a |}];

    the body returned without reaching this node, nor the nodes of lines 14, 15

  FAIL  Unreached › a node is judged in each instance (2)
    test/ppx/expect/correction/unreached.ml:29
      29 │ if B.reach then [%expect {| |}]

    the body returned without reaching this node

  FAIL  Unreached › an override that never calls the body fails
    test/ppx/expect/correction/unreached.ml:51
      51 │ [%expect {| printed |}]

    the body returned without reaching this node
──────────────────────────────────────────────────────────

corrections (2):
  wrote test/ppx/expect/correction/sanitized.ml.corrected (1 expectation)
  wrote test/ppx/expect/correction/trailing.ml.corrected (3 expectations)

3 passed, 9 failed, 2 corrections written in <duration>.
--- stderr ---
windtrap: warning: dune registers a correction for promotion only when the run that wrote it exits 0, so the failures above withhold the corrections written here. Fix the failures, rerun, then 'dune promote'.
