::error file=test/test_users.ml,line=31,title=Test failure%3A users › sessions after login::    test/test_users.ml:31%0A    expected  [("alice", [1; 2; 3]); ("bob", [4])]%0A                                     ~~~~~~~~~~~~%0A    actual    [("alice", [1; 2; 3]); ("bob", [4; 5]); ("carol", [])]%0A                                     ~~~~~~~~~~~~~~~  ~~~~~~~~~~~~~
