mylib: 11 tests (seed s1:7be1d2c904aa31f5)
  PASS  math › addition                            0.1ms
  FAIL  users › sessions after login               0.2ms
  FAIL  parser › rejects empty                     0.2ms
  FAIL  cli › cli help — no baseline               0.3ms
  FAIL  cli › snapshot drift                       0.2ms
  FAIL  geo › area non-negative                    18ms
  FAIL  db › insert                                0.2ms
  PASS  flaky › eventually                         0.2ms (3 attempts)
  PASS  slow › big sort                            2.50s
  PASS  slow › hash                                3.00s
  SKIP  platform › windows paths (unix only)
──────────────────── failures (6) ────────────────────
  FAIL  users › sessions after login
    test/test_users.ml:31
    expected  [("alice", [1; 2; 3]); ("bob", [4])]
    actual    [("alice", [1; 2; 3]); ("bob", [4; 5]); ("carol", [])]
                                               ~~~~~~~~~~~~~~~~~~
    ── captured output (last 2 lines, 12034 earlier bytes omitted) ──
    [debug] session table resize 2 -> 4
    [debug] carol: ghost session from pool reuse
    full log: _build/_tests/mylib/latest/users/sessions-after-login.output

  FAIL  parser › rejects empty
    test/test_parser.ml:12
    expected exception  Parse_error("empty")
    raised              Not_found
    Raised at Parser.parse in file "lib/parser.ml", line 40

  FAIL  cli › cli help
    test/test_cli.ml:9
    snapshot "help": no baseline at test/__snapshots__/test_cli/help.snap
    proposed (3 lines):
      ┆ Usage: mytool [OPTIONS] COMMAND
      ┆ Commands:
      ┆   run
    accept: dune exec test/main.exe -- -u, then review with git diff

  FAIL  cli › snapshot drift
    test/test_cli.ml:14
    snapshot "version": mismatch with test/__snapshots__/test_cli/version.snap
    @@ -1,3 +1,3 @@
      line one
    - line two
    + line 2
      line three
    accept: dune exec test/main.exe -- -u, then review with git diff

  FAIL  geo › area non-negative
    test/test_geo.ml:17
    counterexample (case 12, shrunk 4 steps): Rect (2, 0)
    which failed at:
      test/test_geo.ml:18
      expected  true
      actual    false
    replay: dune exec test/main.exe -- --seed s1:7be1d2c904aa31f5 -f 'geo › area non-negative'

  FAIL  db › insert
    test/test_db.ml:21
    body exploded

    [teardown]
    teardown exploded
──────────────────────────────────────────────────────

slow tests (2):
  3.00s  slow › hash
  2.50s  slow › big sort
(exempt with the "slow" tag, or raise --slow-threshold SECONDS)

4 passed, 1 skipped, 6 failed in 6.5s.

slowest tests:
  3.00s  slow › hash
  2.50s  slow › big sort
   18ms  geo › area non-negative
  0.3ms  cli › cli help
  0.2ms  users › sessions after login
coverage: 87.2% (312/358 points) · project: dune build @cover
