=== a missing file: the proposal under its count, then the command that creates the file and promotes it
    test/test_cli.ml:9
    expect_file "test/help.expected": no baseline
    proposed (3 lines):
      + Usage: mytool [OPTIONS] COMMAND
      + Commands:
      +   run
    accept: touch 'test/help.expected' && dune runtest; dune promote test/help.expected

=== under a launcher, the command is -u for the block's test
    test/test_cli.ml:9
    expect_file "test/help.expected": no baseline
    proposed (3 lines):
      + Usage: mytool [OPTIONS] COMMAND
      + Commands:
      +   run
    accept: ./_build/default/qa/x/t.exe -u -f 'cli › cli help'

=== a literal: its hunks with no head, then dune promote of its source file
    test/test_cli.ml:14
    expect: mismatch
    @@ -1,3 +1,3 @@
      line one
    - line two
    + line 2
      line three
    accept: dune promote test/test_cli.ml

=== a file: dune promote of its path
    expect_file "test/help.expected": mismatch
    @@ -1,1 +1,1 @@
    - a
    + b
    accept: dune promote test/help.expected

=== a quote in the test's path is closed around
    test/test_cli.ml:14
    expect: mismatch
    @@ -1,3 +1,3 @@
      line one
    - line two
    + line 2
      line three
    accept: ./t.exe -u -f 'it'\''s'

=== expect names the flexible verb
    expect: mismatch
    @@ -1,1 +1,1 @@
    - a
    + b
    accept: dune promote

=== expect_exact names the exact verb
    expect_exact: mismatch
    @@ -1,1 +1,1 @@
    - a
    + b
    accept: dune promote

=== a difference in a trailing newline is said in words
    expect_exact: mismatch
    values differ only by a trailing newline (on the actual side)
    accept: dune promote

=== a trailing blank is marked under its - line
    expect_exact: mismatch
    @@ -1,2 +1,2 @@
    - a 
       ~
    + a
      b
    accept: dune promote

=== a baseline's control bytes print escaped
    expect: mismatch
    @@ -1,1 +1,1 @@
    - \x1b[1mbold\x1b[0m
    + bold
    accept: dune promote

=== an unresolvable file: the rule, the candidate, the remedy, no command
    expect_file "../n.expected": the path cannot be proven to lie under the project root
    unverified path: some/candidate
    (set WINDTRAP_PROJECT_ROOT to the directory the path is relative to)

=== an unresolvable literal names expect
    expect: the path cannot be proven to lie under the project root
    unverified path: /elsewhere/t.ml
    (set WINDTRAP_PROJECT_ROOT to the directory the path is relative to)

=== a proposal of 25 lines prints 20 and the count of the rest
    expect_file "p.expected": no baseline
    proposed (25 lines):
      + line 0
      + line 1
      + line 2
      + line 3
      + line 4
      + line 5
      + line 6
      + line 7
      + line 8
      + line 9
      + line 10
      + line 11
      + line 12
      + line 13
      + line 14
      + line 15
      + line 16
      + line 17
      + line 18
      + line 19
      … (+5 more lines)
    accept: touch 'p.expected' && dune runtest; dune promote p.expected

=== a proposal of 20 lines prints whole
    expect: no baseline
    proposed (20 lines):
      + line 0
      + line 1
      + line 2
      + line 3
      + line 4
      + line 5
      + line 6
      + line 7
      + line 8
      + line 9
      + line 10
      + line 11
      + line 12
      + line 13
      + line 14
      + line 15
      + line 16
      + line 17
      + line 18
      + line 19
    accept: dune promote

=== a proposal of one line
    expect_file "p.expected": no baseline
    proposed (1 line):
      + only
    accept: touch 'p.expected' && dune runtest; dune promote p.expected

=== under colour the + lines are red, their indentation plain
    expect_file "p.expected": no baseline
    proposed (1 line):
      «r|+ only»
    accept: touch 'p.expected' && dune runtest; dune promote p.expected

=== two sides cut to the same kept bytes say what they agree on
    expect_file "p.expected": mismatch
    the sides agree on the 65536 bytes a failure keeps of each (expected 65537 bytes, actual 65537 bytes)
    accept: dune promote p.expected

=== a withheld literal by hand: the reason, and nothing after it
    test/test_cli.ml:14
    expect: mismatch
    @@ -1,3 +1,3 @@
      line one
    - line two
    + line 2
      line three
    no correction was kept: the test also failed outside its expectations; fix that failure and rerun

=== a withheld file by hand: the reason, and nothing after it
    expect_file "p.expected": mismatch
    @@ -1,1 +1,1 @@
    - a
    + b
    no correction was kept: the test also failed outside its expectations; fix that failure and rerun

=== a withheld literal under a build action: nothing to promote
    test/test_cli.ml:14
    expect: mismatch
    @@ -1,3 +1,3 @@
      line one
    - line two
    + line 2
      line three
    no correction was kept: the test also failed outside its expectations; fix that failure and rerun

=== a withheld file under a build action: nothing to promote
    expect_file "p.expected": mismatch
    @@ -1,1 +1,1 @@
    - a
    + b
    no correction was kept: the test also failed outside its expectations; fix that failure and rerun

=== a withheld missing file: its proposal, and no file to touch
    test/test_cli.ml:9
    expect_file "test/help.expected": no baseline
    proposed (3 lines):
      + Usage: mytool [OPTIONS] COMMAND
      + Commands:
      +   run
    no correction was kept: the test also failed outside its expectations; fix that failure and rerun
