let () =
  Ppx_windtrap_runtime.Ppx_runtime.add_test ~file:"./test_basic.ml"
    ~pos:("./test_basic.ml", 4, 0, 40) ~tags:[] "addition"
    (fun () -> assert ((1 + 1) = 2))
let () =
  Ppx_windtrap_runtime.Ppx_runtime.add_test ~file:"./test_basic.ml"
    ~pos:("./test_basic.ml", 5, 0, 15) ~tags:[] "line_5" (fun () -> ())
let () =
  Ppx_windtrap_runtime.Ppx_runtime.add_test ~file:"./test_basic.ml"
    ~pos:("./test_basic.ml", 6, 0, 39) ~tags:["slow"] "tagged" (fun () -> ())
let () =
  Ppx_windtrap_runtime.Ppx_runtime.add_test ~file:"./test_basic.ml"
    ~pos:("./test_basic.ml", 7, 0, 44) ~tags:["slow"; "io"] "multi"
    (fun () -> ())
let () =
  Ppx_windtrap_runtime.Ppx_runtime.enter_group ~file:"./test_basic.ml"
    ~tags:[] "Outer"
module Outer =
  struct
    let helper = 41
    let () =
      Ppx_windtrap_runtime.Ppx_runtime.add_test ~file:"./test_basic.ml"
        ~pos:("./test_basic.ml", 11, 2, 45) ~tags:[] "inner"
        (fun () -> assert ((helper + 1) = 42))
    let () =
      Ppx_windtrap_runtime.Ppx_runtime.enter_group ~file:"./test_basic.ml"
        ~tags:[] "Nested"
    module Nested =
      struct
        let () =
          Ppx_windtrap_runtime.Ppx_runtime.add_test ~file:"./test_basic.ml"
            ~pos:("./test_basic.ml", 14, 4, 19) ~tags:[] "line_14"
            (fun () -> ())
      end
    let () = Ppx_windtrap_runtime.Ppx_runtime.leave_group ()
  end
let () = Ppx_windtrap_runtime.Ppx_runtime.leave_group ()
let () =
  Ppx_windtrap_runtime.Ppx_runtime.enter_group ~file:"./test_basic.ml"
    ~tags:["group-tag"] "Tagged"
module Tagged =
  struct
    let () =
      Ppx_windtrap_runtime.Ppx_runtime.add_test ~file:"./test_basic.ml"
        ~pos:("./test_basic.ml", 19, 2, 33) ~tags:[] "in tagged group"
        (fun () -> ())
  end[@@warning "-60"]
let () = Ppx_windtrap_runtime.Ppx_runtime.leave_group ()
