[@@@ocaml.text "/*"]
module Windtrap_mut_________fixture_lazy___ml =
  struct
    type site = Windtrap_mutate.site =
      {
      line: int ;
      col: int ;
      rewrite: string ;
      span: (int * int) ;
      before: string ;
      after: string ;
      dismissed: string option }
    let ___windtrap_armed___ =
      Windtrap_mutate.register ~file:"./fixture_lazy.ml"
        ~sites:[|{
                   line = 10;
                   col = 22;
                   rewrite = "sub";
                   span = (505, 512);
                   before = "a + b";
                   after = "a - b";
                   dismissed = None
                 };{
                     line = 17;
                     col = 25;
                     rewrite = "sub";
                     span = (805, 810);
                     before = "a + b";
                     after = "a - b";
                     dismissed = None
                   }|]
  end
[@@@ocaml.text "/*"]
let thunk a b = lazy (fun () -> a + b)
let forced a b =
  lazy
    (let __windtrap_mut_0_r = b in
     let __windtrap_mut_0_l = a in
     if Windtrap_mut_________fixture_lazy___ml.___windtrap_armed___ 0
     then __windtrap_mut_0_l - __windtrap_mut_0_r
     else __windtrap_mut_0_l + __windtrap_mut_0_r)
let plain x = lazy x
let annotated a b = lazy (fun () -> a + b : unit -> int)
let computed a b =
  lazy
    (let __windtrap_mut_1_r = b in
     let __windtrap_mut_1_l = a in
     if Windtrap_mut_________fixture_lazy___ml.___windtrap_armed___ 1
     then __windtrap_mut_1_l - __windtrap_mut_1_r
     else __windtrap_mut_1_l + __windtrap_mut_1_r : int)
