[@@@ocaml.text "/*"]
module Windtrap_mut_________fixture_chain___ml =
  struct
    type site = Windtrap_mutate.site =
      {
      line: int ;
      col: int ;
      rewrite: string ;
      before: string ;
      after: string ;
      dismissed: string option }
    let ___windtrap_armed___ =
      Windtrap_mutate.register ~file:"./fixture_chain.ml"
        ~sites:[|{
                   line = 19;
                   col = 18;
                   rewrite = "sub";
                   before = "(a + b) + c";
                   after = "(a + b) - c";
                   dismissed = None
                 };{
                     line = 20;
                     col = 18;
                     rewrite = "add";
                     before = "(a - b) - c";
                     after = "(a - b) + c";
                     dismissed = None
                   };{
                       line = 21;
                       col = 19;
                       rewrite = "fsub";
                       before = "(a +. b) +. c";
                       after = "(a +. b) -. c";
                       dismissed = None
                     };{
                         line = 22;
                         col = 25;
                         rewrite = "or";
                         before = "b && c";
                         after = "b || c";
                         dismissed = None
                       };{
                           line = 31;
                           col = 26;
                           rewrite = "sub";
                           before = "(a + b) + c";
                           after = "(a + b) - c";
                           dismissed = None
                         };{
                             line = 32;
                             col = 23;
                             rewrite = "sub";
                             before = "(a + b) + c";
                             after = "(a + b) - c";
                             dismissed = None
                           };{
                               line = 33;
                               col = 31;
                               rewrite = "or";
                               before = "b && c";
                               after = "b || c";
                               dismissed = None
                             };{
                                 line = 39;
                                 col = 23;
                                 rewrite = "sub";
                                 before = "(a + b) + (c + d)";
                                 after = "(a + b) - (c + d)";
                                 dismissed = None
                               };{
                                   line = 39;
                                   col = 31;
                                   rewrite = "sub";
                                   before = "c + d";
                                   after = "c - d";
                                   dismissed = None
                                 };{
                                     line = 43;
                                     col = 18;
                                     rewrite = "add";
                                     before = "(a + b) - c";
                                     after = "(a + b) + c";
                                     dismissed = None
                                   };{
                                       line = 43;
                                       col = 18;
                                       rewrite = "sub";
                                       before = "a + b";
                                       after = "a - b";
                                       dismissed = None
                                     };{
                                         line = 48;
                                         col = 23;
                                         rewrite = "le";
                                         before = "(a < b) < c";
                                         after = "(a < b) <= c";
                                         dismissed = None
                                       }|]
  end
[@@@ocaml.text "/*"]
let three a b c =
  let (__windtrap_mut_0_l, __windtrap_mut_0_r) = ((a + b), c) in
  if Windtrap_mut_________fixture_chain___ml.___windtrap_armed___ 0
  then __windtrap_mut_0_l - __windtrap_mut_0_r
  else __windtrap_mut_0_l + __windtrap_mut_0_r
let minus a b c =
  let (__windtrap_mut_1_l, __windtrap_mut_1_r) = ((a - b), c) in
  if Windtrap_mut_________fixture_chain___ml.___windtrap_armed___ 1
  then __windtrap_mut_1_l + __windtrap_mut_1_r
  else __windtrap_mut_1_l - __windtrap_mut_1_r
let floats a b c =
  let (__windtrap_mut_2_l, __windtrap_mut_2_r) = ((a +. b), c) in
  if Windtrap_mut_________fixture_chain___ml.___windtrap_armed___ 2
  then __windtrap_mut_2_l -. __windtrap_mut_2_r
  else __windtrap_mut_2_l +. __windtrap_mut_2_r
let conn a b c =
  if
    a &&
      (let __windtrap_mut_3_p = b in
       (if
          Stdlib.(<>) (__windtrap_mut_3_p : Stdlib.Bool.t)
            (Windtrap_mut_________fixture_chain___ml.___windtrap_armed___ 3)
        then c
        else __windtrap_mut_3_p))
  then 1
  else 0
let parens a b c =
  ignore
    (let (__windtrap_mut_4_l, __windtrap_mut_4_r) = ((a + b), c) in
     if Windtrap_mut_________fixture_chain___ml.___windtrap_armed___ 4
     then __windtrap_mut_4_l - __windtrap_mut_4_r
     else __windtrap_mut_4_l + __windtrap_mut_4_r)
let in_arg f a b c =
  f
    (let (__windtrap_mut_5_l, __windtrap_mut_5_r) = ((a + b), c) in
     if Windtrap_mut_________fixture_chain___ml.___windtrap_armed___ 5
     then __windtrap_mut_5_l - __windtrap_mut_5_r
     else __windtrap_mut_5_l + __windtrap_mut_5_r)
let conn_arg f a b c =
  f
    (a &&
       (let __windtrap_mut_6_p = b in
        if
          Stdlib.(<>) (__windtrap_mut_6_p : Stdlib.Bool.t)
            (Windtrap_mut_________fixture_chain___ml.___windtrap_armed___ 6)
        then c
        else __windtrap_mut_6_p))
let siblings a b c d =
  let (__windtrap_mut_7_l, __windtrap_mut_7_r) =
    ((a + b),
      (let (__windtrap_mut_8_l, __windtrap_mut_8_r) = (c, d) in
       if Windtrap_mut_________fixture_chain___ml.___windtrap_armed___ 8
       then __windtrap_mut_8_l - __windtrap_mut_8_r
       else __windtrap_mut_8_l + __windtrap_mut_8_r)) in
  if Windtrap_mut_________fixture_chain___ml.___windtrap_armed___ 7
  then __windtrap_mut_7_l - __windtrap_mut_7_r
  else __windtrap_mut_7_l + __windtrap_mut_7_r
let mixed a b c =
  let (__windtrap_mut_9_l, __windtrap_mut_9_r) =
    ((let (__windtrap_mut_10_l, __windtrap_mut_10_r) = (a, b) in
      if Windtrap_mut_________fixture_chain___ml.___windtrap_armed___ 10
      then __windtrap_mut_10_l - __windtrap_mut_10_r
      else __windtrap_mut_10_l + __windtrap_mut_10_r), c) in
  if Windtrap_mut_________fixture_chain___ml.___windtrap_armed___ 9
  then __windtrap_mut_9_l + __windtrap_mut_9_r
  else __windtrap_mut_9_l - __windtrap_mut_9_r
let chained a b c =
  if
    let (__windtrap_mut_11_l, __windtrap_mut_11_r) = ((a < b), c) in
    (if Windtrap_mut_________fixture_chain___ml.___windtrap_armed___ 11
     then Stdlib.not (__windtrap_mut_11_r < __windtrap_mut_11_l)
     else __windtrap_mut_11_l < __windtrap_mut_11_r)
  then 1
  else 0
