[@@@ocaml.text "/*"]
module Windtrap_mut_________fixture_ari___ml =
  struct
    type site = Windtrap_mutate.site =
      {
      line: int ;
      col: int ;
      rewrite: string ;
      before: string ;
      after: string ;
      dismissed: string option }
    let ___windtrap_armed___ =
      Windtrap_mutate.register ~file:"./fixture_ari.ml"
        ~sites:[|{
                   line = 5;
                   col = 14;
                   rewrite = "sub";
                   before = "a + b";
                   after = "a - b";
                   dismissed = None
                 };{
                     line = 6;
                     col = 15;
                     rewrite = "add";
                     before = "a - b";
                     after = "a + b";
                     dismissed = None
                   };{
                       line = 7;
                       col = 15;
                       rewrite = "fsub";
                       before = "a +. b";
                       after = "a -. b";
                       dismissed = None
                     };{
                         line = 8;
                         col = 16;
                         rewrite = "fadd";
                         before = "a -. b";
                         after = "a +. b";
                         dismissed = None
                       };{
                           line = 13;
                           col = 13;
                           rewrite = "sub";
                           before = "1 + 2";
                           after = "1 - 2";
                           dismissed = None
                         };{
                             line = 17;
                             col = 17;
                             rewrite = "sub";
                             before = "a + b";
                             after = "a - b";
                             dismissed = None
                           }|]
  end
[@@@ocaml.text "/*"]
let sum a b =
  let (__windtrap_mut_0_l, __windtrap_mut_0_r) = (a, b) in
  if Windtrap_mut_________fixture_ari___ml.___windtrap_armed___ 0
  then __windtrap_mut_0_l - __windtrap_mut_0_r
  else __windtrap_mut_0_l + __windtrap_mut_0_r
let diff a b =
  let (__windtrap_mut_1_l, __windtrap_mut_1_r) = (a, b) in
  if Windtrap_mut_________fixture_ari___ml.___windtrap_armed___ 1
  then __windtrap_mut_1_l + __windtrap_mut_1_r
  else __windtrap_mut_1_l - __windtrap_mut_1_r
let fsum a b =
  let (__windtrap_mut_2_l, __windtrap_mut_2_r) = (a, b) in
  if Windtrap_mut_________fixture_ari___ml.___windtrap_armed___ 2
  then __windtrap_mut_2_l -. __windtrap_mut_2_r
  else __windtrap_mut_2_l +. __windtrap_mut_2_r
let fdiff a b =
  let (__windtrap_mut_3_l, __windtrap_mut_3_r) = (a, b) in
  if Windtrap_mut_________fixture_ari___ml.___windtrap_armed___ 3
  then __windtrap_mut_3_l +. __windtrap_mut_3_r
  else __windtrap_mut_3_l -. __windtrap_mut_3_r
let origin =
  let (__windtrap_mut_4_l, __windtrap_mut_4_r) = (1, 2) in
  if Windtrap_mut_________fixture_ari___ml.___windtrap_armed___ 4
  then __windtrap_mut_4_l - __windtrap_mut_4_r
  else __windtrap_mut_4_l + __windtrap_mut_4_r
let negate x = - x
let scaled a b =
  (let (__windtrap_mut_5_l, __windtrap_mut_5_r) = (a, b) in
   if Windtrap_mut_________fixture_ari___ml.___windtrap_armed___ 5
   then __windtrap_mut_5_l - __windtrap_mut_5_r
   else __windtrap_mut_5_l + __windtrap_mut_5_r) * 2
