[@@@ocaml.text "/*"]
module Windtrap_mut_________fixture_off___ml =
  struct
    type site = Windtrap_mutate.site =
      {
      line: int ;
      col: int ;
      rewrite: string ;
      before: string ;
      after: string ;
      dismissed: string option }
    let ___windtrap_armed___ =
      Windtrap_mutate.register ~file:"./fixture_off.ml"
        ~sites:[|{
                   line = 9;
                   col = 5;
                   rewrite = "ge";
                   before = "want > 16";
                   after = "want >= 16";
                   dismissed = (Some "both arms yield 16 at the boundary")
                 };{
                     line = 12;
                     col = 19;
                     rewrite = "or";
                     before = "a && b";
                     after = "a || b";
                     dismissed = (Some "")
                   };{
                       line = 26;
                       col = 18;
                       rewrite = "sub";
                       before = "a + b";
                       after = "a - b";
                       dismissed = None
                     }|]
  end
[@@@ocaml.text "/*"]
let cap want =
  if ((want > 16)[@mutate off "both arms yield 16 at the boundary"])
  then want
  else 16
let plain a b = if ((a && b)[@mutate off]) then 1 else 0
let sum a b = a + b[@@mutate off]
module Hidden = struct let diff a b = a - b end[@@mutate off]
[@@@mutate off]
let suppressed a b = a + b
[@@@mutate on]
let visible a b =
  let (__windtrap_mut_2_l, __windtrap_mut_2_r) = (a, b) in
  if Windtrap_mut_________fixture_off___ml.___windtrap_armed___ 2
  then __windtrap_mut_2_l - __windtrap_mut_2_r
  else __windtrap_mut_2_l + __windtrap_mut_2_r
