[@@@ocaml.text "/*"]
module Windtrap_cov_________fixture_guards___ml =
  struct
    let ___windtrap_visit___ =
      let counts = Array.make 20 0 in
      Windtrap_runtime.Coverage.register ~file:"./fixture_guards.ml"
        ~points:[|{
                    Windtrap_runtime.Coverage.start_ofs = 492;
                    Windtrap_runtime.Coverage.end_ofs = 497
                  };{
                      Windtrap_runtime.Coverage.start_ofs = 510;
                      Windtrap_runtime.Coverage.end_ofs = 511
                    };{
                        Windtrap_runtime.Coverage.start_ofs = 503;
                        Windtrap_runtime.Coverage.end_ofs = 504
                      };{
                          Windtrap_runtime.Coverage.start_ofs = 489;
                          Windtrap_runtime.Coverage.end_ofs = 511
                        };{
                            Windtrap_runtime.Coverage.start_ofs = 526;
                            Windtrap_runtime.Coverage.end_ofs = 531
                          };{
                              Windtrap_runtime.Coverage.start_ofs = 782;
                              Windtrap_runtime.Coverage.end_ofs = 783
                            };{
                                Windtrap_runtime.Coverage.start_ofs = 715;
                                Windtrap_runtime.Coverage.end_ofs = 734
                              };{
                                  Windtrap_runtime.Coverage.start_ofs = 739;
                                  Windtrap_runtime.Coverage.end_ofs = 765
                                };{
                                    Windtrap_runtime.Coverage.start_ofs = 770;
                                    Windtrap_runtime.Coverage.end_ofs = 792
                                  };{
                                      Windtrap_runtime.Coverage.start_ofs =
                                        797;
                                      Windtrap_runtime.Coverage.end_ofs = 809
                                    };{
                                        Windtrap_runtime.Coverage.start_ofs =
                                          698;
                                        Windtrap_runtime.Coverage.end_ofs =
                                          809
                                      };{
                                          Windtrap_runtime.Coverage.start_ofs
                                            = 843;
                                          Windtrap_runtime.Coverage.end_ofs =
                                            844
                                        };{
                                            Windtrap_runtime.Coverage.start_ofs
                                              = 850;
                                            Windtrap_runtime.Coverage.end_ofs
                                              = 855
                                          };{
                                              Windtrap_runtime.Coverage.start_ofs
                                                = 828;
                                              Windtrap_runtime.Coverage.end_ofs
                                                = 855
                                            };{
                                                Windtrap_runtime.Coverage.start_ofs
                                                  = 995;
                                                Windtrap_runtime.Coverage.end_ofs
                                                  = 1003
                                              };{
                                                  Windtrap_runtime.Coverage.start_ofs
                                                    = 995;
                                                  Windtrap_runtime.Coverage.end_ofs
                                                    = 1003
                                                };{
                                                    Windtrap_runtime.Coverage.start_ofs
                                                      = 978;
                                                    Windtrap_runtime.Coverage.end_ofs
                                                      = 1010
                                                  };{
                                                      Windtrap_runtime.Coverage.start_ofs
                                                        = 1044;
                                                      Windtrap_runtime.Coverage.end_ofs
                                                        = 1047
                                                    };{
                                                        Windtrap_runtime.Coverage.start_ofs
                                                          = 1029;
                                                        Windtrap_runtime.Coverage.end_ofs
                                                          = 1048
                                                      };{
                                                          Windtrap_runtime.Coverage.start_ofs
                                                            = 1179;
                                                          Windtrap_runtime.Coverage.end_ofs
                                                            = 1180
                                                        }|] ~counts;
      (fun index -> Windtrap_runtime.Coverage.visit counts index)
    let ___windtrap_post_visit___ point_index result =
      ___windtrap_visit___ point_index; result
  end
open Windtrap_cov_________fixture_guards___ml
[@@@ocaml.text "/*"]
[@@@ocaml.text "/*"]
module Windtrap_mut_________fixture_guards___ml =
  struct
    type site = Windtrap_runtime.Mutate.site =
      {
      line: int ;
      col: int ;
      rewrite: string ;
      before: string ;
      after: string ;
      dismissed: string option }
    type 'a operands = ('a * 'a)
    let ___windtrap_armed___ =
      Windtrap_runtime.Mutate.register ~file:"./fixture_guards.ml"
        ~sites:[|{
                   line = 9;
                   col = 16;
                   rewrite = "le";
                   before = "a < b";
                   after = "a <= b";
                   dismissed = None
                 };{
                     line = 10;
                     col = 14;
                     rewrite = "sub";
                     before = "a + b";
                     after = "a - b";
                     dismissed = None
                   };{
                       line = 16;
                       col = 11;
                       rewrite = "not";
                       before = "p x";
                       after = "not (p x)";
                       dismissed = None
                     };{
                         line = 17;
                         col = 11;
                         rewrite = "neq";
                         before = "a = b";
                         after = "a <> b";
                         dismissed = None
                       };{
                           line = 18;
                           col = 11;
                           rewrite = "or";
                           before = "a && b";
                           after = "a || b";
                           dismissed = None
                         };{
                             line = 21;
                             col = 27;
                             rewrite = "or";
                             before = "a && b";
                             after = "a || b";
                             dismissed = None
                           };{
                               line = 21;
                               col = 20;
                               rewrite = "not";
                               before = "c";
                               after = "not c";
                               dismissed = None
                             };{
                                 line = 26;
                                 col = 8;
                                 rewrite = "not";
                                 before = "f x";
                                 after = "not (f x)";
                                 dismissed = None
                               };{
                                   line = 30;
                                   col = 24;
                                   rewrite = "or";
                                   before = "(f x) && (g x)";
                                   after = "(f x) || (g x)";
                                   dismissed = None
                                 };{
                                     line = 34;
                                     col = 17;
                                     rewrite = "and";
                                     before = "a || b";
                                     after = "a && b";
                                     dismissed = None
                                   }|]
  end
[@@@ocaml.text "/*"]
let lt a b =
  ___windtrap_visit___ 3;
  if
    (let (__windtrap_mut_0_l, __windtrap_mut_0_r) =
       ((a, b) : _ Windtrap_mut_________fixture_guards___ml.operands) in
     if Windtrap_mut_________fixture_guards___ml.___windtrap_armed___ 0
     then Stdlib.not (__windtrap_mut_0_r < __windtrap_mut_0_l)
     else (___windtrap_visit___ 0; __windtrap_mut_0_l < __windtrap_mut_0_r))
  then (___windtrap_visit___ 2; 1)
  else (___windtrap_visit___ 1; 0)
let add a b =
  let (__windtrap_mut_1_l, __windtrap_mut_1_r) = (a, b) in
  if Windtrap_mut_________fixture_guards___ml.___windtrap_armed___ 1
  then __windtrap_mut_1_l - __windtrap_mut_1_r
  else (___windtrap_visit___ 4; __windtrap_mut_1_l + __windtrap_mut_1_r)
let arms x p a b =
  ___windtrap_visit___ 10;
  (match x with
   | 0 when
       let __windtrap_mut_2_p = p x in
       if Windtrap_mut_________fixture_guards___ml.___windtrap_armed___ 2
       then Stdlib.not __windtrap_mut_2_p
       else __windtrap_mut_2_p -> (___windtrap_visit___ 6; "neg")
   | 1 when
       let __windtrap_mut_3_p = a = b in
       if Windtrap_mut_________fixture_guards___ml.___windtrap_armed___ 3
       then Stdlib.not __windtrap_mut_3_p
       else __windtrap_mut_3_p -> (___windtrap_visit___ 7; "equality")
   | 2 when
       let __windtrap_mut_4_p = a in
       if
         Stdlib.(<>) (__windtrap_mut_4_p : Stdlib.Bool.t)
           (Windtrap_mut_________fixture_guards___ml.___windtrap_armed___ 4)
       then (___windtrap_visit___ 5; b)
       else __windtrap_mut_4_p -> (___windtrap_visit___ 8; "con")
   | _ -> (___windtrap_visit___ 9; "other"))
let both c a b =
  ___windtrap_visit___ 13;
  if
    (let __windtrap_mut_6_p = c in
     if Windtrap_mut_________fixture_guards___ml.___windtrap_armed___ 6
     then Stdlib.not __windtrap_mut_6_p
     else __windtrap_mut_6_p)
  then
    (let __windtrap_mut_5_p = a in
     if
       Stdlib.(<>) (__windtrap_mut_5_p : Stdlib.Bool.t)
         (Windtrap_mut_________fixture_guards___ml.___windtrap_armed___ 5)
     then (___windtrap_visit___ 11; b)
     else __windtrap_mut_5_p)
  else (___windtrap_visit___ 12; false)
let rec loop f x =
  ___windtrap_visit___ 16;
  while
    (let __windtrap_mut_7_p = f x in
     if Windtrap_mut_________fixture_guards___ml.___windtrap_armed___ 7
     then Stdlib.not __windtrap_mut_7_p
     else __windtrap_mut_7_p)
    do (___windtrap_visit___ 15; ___windtrap_post_visit___ 14 (loop f x))
    done
let left f g x =
  ___windtrap_visit___ 18;
  ignore
    (let __windtrap_mut_8_p = f x in
     if
       Stdlib.(<>) (__windtrap_mut_8_p : Stdlib.Bool.t)
         (Windtrap_mut_________fixture_guards___ml.___windtrap_armed___ 8)
     then (___windtrap_visit___ 17; ___windtrap_post_visit___ 17 (g x))
     else __windtrap_mut_8_p)
let either a b =
  let __windtrap_mut_9_p = a in
  if
    Stdlib.(=) (__windtrap_mut_9_p : Stdlib.Bool.t)
      (Windtrap_mut_________fixture_guards___ml.___windtrap_armed___ 9)
  then (___windtrap_visit___ 19; b)
  else __windtrap_mut_9_p
