[@@@ocaml.text "/*"]
module Windtrap_cov_________fixture_cond___ml =
  struct
    let ___windtrap_visit___ =
      let counts = Array.make 19 0 in
      Windtrap_coverage.register ~file:"./fixture_cond.ml"
        ~points:[|{
                    Windtrap_coverage.start_ofs = 398;
                    Windtrap_coverage.end_ofs = 399
                  };{
                      Windtrap_coverage.start_ofs = 393;
                      Windtrap_coverage.end_ofs = 399
                    };{
                        Windtrap_coverage.start_ofs = 417;
                        Windtrap_coverage.end_ofs = 418
                      };{
                          Windtrap_coverage.start_ofs = 422;
                          Windtrap_coverage.end_ofs = 423
                        };{
                            Windtrap_coverage.start_ofs = 442;
                            Windtrap_coverage.end_ofs = 443
                          };{
                              Windtrap_coverage.start_ofs = 447;
                              Windtrap_coverage.end_ofs = 448
                            };{
                                Windtrap_coverage.start_ofs = 452;
                                Windtrap_coverage.end_ofs = 453
                              };{
                                  Windtrap_coverage.start_ofs = 509;
                                  Windtrap_coverage.end_ofs = 512
                                };{
                                    Windtrap_coverage.start_ofs = 509;
                                    Windtrap_coverage.end_ofs = 512
                                  };{
                                      Windtrap_coverage.start_ofs = 482;
                                      Windtrap_coverage.end_ofs = 493
                                    };{
                                        Windtrap_coverage.start_ofs = 991;
                                        Windtrap_coverage.end_ofs = 996
                                      };{
                                          Windtrap_coverage.start_ofs = 991;
                                          Windtrap_coverage.end_ofs = 1037
                                        };{
                                            Windtrap_coverage.start_ofs =
                                              1060;
                                            Windtrap_coverage.end_ofs = 1065
                                          };{
                                              Windtrap_coverage.start_ofs =
                                                1082;
                                              Windtrap_coverage.end_ofs =
                                                1103
                                            };{
                                                Windtrap_coverage.start_ofs =
                                                  1060;
                                                Windtrap_coverage.end_ofs =
                                                  1103
                                              };{
                                                  Windtrap_coverage.start_ofs
                                                    = 1122;
                                                  Windtrap_coverage.end_ofs =
                                                    1127
                                                };{
                                                    Windtrap_coverage.start_ofs
                                                      = 1164;
                                                    Windtrap_coverage.end_ofs
                                                      = 1169
                                                  };{
                                                      Windtrap_coverage.start_ofs
                                                        = 1145;
                                                      Windtrap_coverage.end_ofs
                                                        = 1158
                                                    };{
                                                        Windtrap_coverage.start_ofs
                                                          = 1122;
                                                        Windtrap_coverage.end_ofs
                                                          = 1169
                                                      }|] ~counts;
      (fun index -> Windtrap_coverage.visit counts index)
    let ___windtrap_post_visit___ point_index result =
      ___windtrap_visit___ point_index; result
  end
open Windtrap_cov_________fixture_cond___ml
[@@@ocaml.text "/*"]
let both x y = ___windtrap_visit___ 1; x && ((___windtrap_visit___ 0; y))
let either x y =
  ___windtrap_visit___ 2;
  if x
  then (___windtrap_visit___ 2; true)
  else if y then (___windtrap_visit___ 3; true) else false
let chain a b c =
  ___windtrap_visit___ 4;
  if a
  then (___windtrap_visit___ 4; true)
  else
    if b
    then (___windtrap_visit___ 5; true)
    else if c then (___windtrap_visit___ 6; true) else false
let rec search p =
  function
  | [] -> (___windtrap_visit___ 9; false)
  | x::rest ->
      (___windtrap_visit___ 8;
       if ___windtrap_post_visit___ 8 (p x)
       then (___windtrap_visit___ 7; true)
       else search p rest)
let rec or_let n =
  ___windtrap_visit___ 11;
  if n = 0
  then (___windtrap_visit___ 10; true)
  else (let next = n - 1 in or_let next)
let rec or_match n =
  ___windtrap_visit___ 14;
  if n = 0
  then (___windtrap_visit___ 12; true)
  else (match n with | k -> (___windtrap_visit___ 13; or_match (k - 1)))
let rec or_if n =
  ___windtrap_visit___ 18;
  if n = 0
  then (___windtrap_visit___ 15; true)
  else
    if n > 0
    then (___windtrap_visit___ 17; or_if (n - 1))
    else (___windtrap_visit___ 16; false)
