mylib: 12 tests (seed s1:7be1d2c904aa31f5)
  «g|PASS»  math › addition                            «d|0.1ms»
  «r|FAIL»  «b|users › sessions after login»               «d|0.2ms»
    «d|test/test_users.ml:31»
    «d|expected»  [("alice", [1; 2; 3]); ("bob", [4])]
    «d|actual»    [("alice", [1; 2; 3]); ("bob", [4«R|; 5]); ("carol", [»])]
                                               «R|~~~~~~~~~~~~~~~~~~»
    «d|captured output (last 2 lines, 12034 earlier bytes omitted):»
      [debug] session table resize 2 -> 4
      [debug] carol: ghost session from pool reuse
    «d|full log: _build/_tests/mylib/latest/users/sessions-after-login.output»

  «r|FAIL»  «b|parser › rejects empty»                     «d|0.2ms»
    «d|test/test_parser.ml:12»
    «d|expected exception»  «g|Parse_error("empty")»
    «d|raised»              «r|Not_found»
    «d|Raised at Parser.parse in file "lib/parser.ml", line 40»

  «r|FAIL»  «b|cli › cli help» «d|(no baseline)»               «d|0.3ms»
    «d|test/test_cli.ml:9»
    expect_file "test/help.expected": no baseline
    proposed (3 lines):
      «r|+ Usage: mytool [OPTIONS] COMMAND»
      «r|+ Commands:»
      «r|+   run»
    accept: dune exec test/main.exe -- -u -f 'cli › cli help'

  «r|FAIL»  «b|cli › version drift»                        «d|0.2ms»
    «d|test/test_cli.ml:14»
    expect: mismatch
    «d|@@ -1,3 +1,3 @@»
      line one
    «g|- line two»
    «r|+ line 2»
      line three
    accept: dune exec test/main.exe -- -u -f 'cli › version drift'

  «r|FAIL»  «b|geo › area non-negative»                    «d|18ms»
    «d|test/test_geo.ml:17»
    counterexample (case 12, shrunk 4 steps): Rect (2, 0)
    which failed at:
      «d|test/test_geo.ml:18»
      «d|expected»  «g|true»
      «d|actual»    «r|false»
    replay: dune exec test/main.exe -- --seed s1:7be1d2c904aa31f5 -f 'geo › area non-negative'

  «r|FAIL»  «b|db › insert»                                «d|0.2ms»
    «d|test/test_db.ml:21»
    body exploded

    «y|[teardown]»
    teardown exploded

  «g|PASS»  flaky › eventually                         «d|0.2ms (3 attempts)»
  «g|PASS»  slow › big sort                            «d|2.5s»
  «g|PASS»  slow › hash                                «d|3.0s»
  «y|SKIP»  platform › windows paths «d|(unix only)»
  «g|PASS»  math › multiplication                      «d|42ms»
  «r|FAIL»  «b|fixture release»
    «y|[release]» «d|test/test_db.ml:3»
    fixture (test/test_db.ml:3): release raised Failure("pool leaked")

«y|slow tests (2, over 1s):»
«y|  3.0s  slow › hash»
«y|  2.5s  slow › big sort»

«y|flaky tests (1):»
«y|  passed on attempt 3  flaky › eventually»

5 passed «y|(1 flaky)», «y|1 skipped», «r|7 failed» in 6.5s.
